{
    "title": "API Integration Guide",
    "outline": [
        {
            "level": "H1",
            "text": "Getting Started",
            "page": 1
        },
        {
            "level": "H2",
            "text": "Prerequisites",
            "page": 1
        },
        {
            "level": "H3",
            "text": "System Requirements",
            "page": 1
        },
        {
            "level": "H3",
            "text": "Installation Steps",
            "page": 1
        },
        {
            "level": "H2",
            "text": "Authentication",
            "page": 1
        },
        {
            "level": "H1",
            "text": "API Endpoints",
            "page": 1
        },
        {
            "level": "H2",
            "text": "User Management",
            "page": 1
        },
        {
            "level": "H3",
            "text": "Creating Users",
            "page": 1
        },
        {
            "level": "H3",
            "text": "Updating User Information",
            "page": 1
        },
        {
            "level": "H2",
            "text": "Data Operations",
            "page": 1
        },
        {
            "level": "H1",
            "text": "Error Handling",
            "page": 1
        }
    ]
}