{
    "title": "Q4 2024 Performance Analysis Report",
    "outline": [
        {
            "level": "H1",
            "text": "Executive Summary",
            "page": 1
        },
        {
            "level": "H1",
            "text": "Financial Performance",
            "page": 1
        },
        {
            "level": "H2",
            "text": "Revenue Analysis",
            "page": 1
        },
        {
            "level": "H3",
            "text": "Product Sales",
            "page": 1
        },
        {
            "level": "H3",
            "text": "Service Revenue",
            "page": 1
        },
        {
            "level": "H2",
            "text": "Cost Management",
            "page": 1
        },
        {
            "level": "H1",
            "text": "Operational Metrics",
            "page": 1
        },
        {
            "level": "H2",
            "text": "Customer Satisfaction",
            "page": 1
        },
        {
            "level": "H3",
            "text": "Response Time Improvements",
            "page": 1
        },
        {
            "level": "H1",
            "text": "What's Next for 2025?",
            "page": 1
        },
        {
            "level": "H2",
            "text": "Strategic Initiatives",
            "page": 1
        }
    ]
}